../Core/Src/main.c:87:6:HAL_CAN_RxFifo0MsgPendingCallback	40	static
../Core/Src/main.c:142:13:get_fault_string	24	static
../Core/Src/main.c:152:13:get_mode_string	16	static
../Core/Src/main.c:162:13:print_motor_feedback	392	static
../Core/Src/main.c:187:6:RoboStride_Test_Routine	304	static
../Core/Src/main.c:294:5:main	48	static
../Core/Src/main.c:371:6:SystemClock_Config	88	static
../Core/Src/main.c:419:13:MX_CAN1_Init	8	static
../Core/Src/main.c:456:13:MX_USART2_UART_Init	8	static
../Core/Src/main.c:489:13:MX_GPIO_Init	48	static
../Core/Src/main.c:529:6:Error_Handler	4	static,ignoring_inline_asm
