../Core/Src/main.c:103:6:HAL_SPI_TxRxCpltCallback	16	static
../Core/Src/main.c:146:6:HAL_SPI_ErrorCallback	16	static
../Core/Src/main.c:162:5:main	64	static
../Core/Src/main.c:365:6:SystemClock_Config	88	static
../Core/Src/main.c:413:13:MX_CAN1_Init	8	static
../Core/Src/main.c:450:13:MX_SPI2_Init	8	static
../Core/Src/main.c:487:13:MX_USART2_UART_Init	8	static
../Core/Src/main.c:518:13:MX_DMA_Init	16	static
../Core/Src/main.c:539:13:MX_GPIO_Init	48	static
../Core/Src/main.c:579:6:Error_Handler	4	static,ignoring_inline_asm
