../Core/Src/main.c:107:5:__io_putchar	16	static
../Core/Src/main.c:112:5:_write	24	static
../Core/Src/main.c:118:13:SPI_Deselect_All	8	static
../Core/Src/main.c:126:13:SPI_Select_Slave	16	static
../Core/Src/main.c:149:19:SPI_Transfer_To_DMA	32	static
../Core/Src/main.c:178:6:HAL_SPI_TxRxCpltCallback	16	static
../Core/Src/main.c:214:6:HAL_SPI_ErrorCallback	16	static
../Core/Src/main.c:233:5:main	16	static
../Core/Src/main.c:333:6:SystemClock_Config	88	static
../Core/Src/main.c:380:13:MX_CAN1_Init	8	static
../Core/Src/main.c:417:13:MX_SPI1_Init	8	static
../Core/Src/main.c:455:13:MX_USART3_UART_Init	8	static
../Core/Src/main.c:488:13:MX_USB_OTG_FS_PCD_Init	8	static
../Core/Src/main.c:521:13:MX_DMA_Init	16	static
../Core/Src/main.c:542:13:MX_GPIO_Init	56	static
../Core/Src/main.c:610:6:HAL_GPIO_EXTI_Callback	16	static
../Core/Src/main.c:623:6:Error_Handler	4	static,ignoring_inline_asm
