../Core/Src/main.c:107:5:__io_putchar	1
../Core/Src/main.c:112:5:_write	1
../Core/Src/main.c:118:13:SPI_Deselect_All	1
../Core/Src/main.c:126:13:SPI_Select_Slave	5
../Core/Src/main.c:149:19:SPI_Transfer_To_DMA	3
../Core/Src/main.c:180:6:HAL_SPI_TxRxCpltCallback	4
../Core/Src/main.c:216:6:HAL_SPI_ErrorCallback	2
../Core/Src/main.c:235:5:main	6
../Core/Src/main.c:335:6:SystemClock_Config	3
../Core/Src/main.c:382:13:MX_CAN1_Init	2
../Core/Src/main.c:419:13:MX_SPI1_Init	2
../Core/Src/main.c:457:13:MX_USART3_UART_Init	2
../Core/Src/main.c:490:13:MX_USB_OTG_FS_PCD_Init	2
../Core/Src/main.c:523:13:MX_DMA_Init	1
../Core/Src/main.c:544:13:MX_GPIO_Init	1
../Core/Src/main.c:612:6:HAL_GPIO_EXTI_Callback	2
../Core/Src/main.c:625:6:Error_Handler	1
