../Core/Src/main.c:107:5:__io_putchar	16	static
../Core/Src/main.c:112:5:_write	24	static
../Core/Src/main.c:118:13:SPI_Deselect_All	8	static
../Core/Src/main.c:126:13:SPI_Select_Slave	16	static
../Core/Src/main.c:149:19:SPI_Transfer_To_DMA	32	static
../Core/Src/main.c:180:6:HAL_SPI_TxRxCpltCallback	16	static
../Core/Src/main.c:216:6:HAL_SPI_ErrorCallback	16	static
../Core/Src/main.c:235:5:main	16	static
../Core/Src/main.c:335:6:SystemClock_Config	88	static
../Core/Src/main.c:382:13:MX_CAN1_Init	8	static
../Core/Src/main.c:419:13:MX_SPI1_Init	8	static
../Core/Src/main.c:457:13:MX_USART3_UART_Init	8	static
../Core/Src/main.c:490:13:MX_USB_OTG_FS_PCD_Init	8	static
../Core/Src/main.c:523:13:MX_DMA_Init	16	static
../Core/Src/main.c:544:13:MX_GPIO_Init	56	static
../Core/Src/main.c:612:6:HAL_GPIO_EXTI_Callback	16	static
../Core/Src/main.c:625:6:Error_Handler	4	static,ignoring_inline_asm
