../Core/Src/main.c:107:5:__io_putchar	1
../Core/Src/main.c:112:5:_write	1
../Core/Src/main.c:118:13:SPI_Deselect_All	1
../Core/Src/main.c:126:13:SPI_Select_Slave	5
../Core/Src/main.c:149:19:SPI_Transfer_To_DMA	3
../Core/Src/main.c:178:6:HAL_SPI_TxRxCpltCallback	4
../Core/Src/main.c:214:6:HAL_SPI_ErrorCallback	2
../Core/Src/main.c:233:5:main	6
../Core/Src/main.c:333:6:SystemClock_Config	3
../Core/Src/main.c:380:13:MX_CAN1_Init	2
../Core/Src/main.c:417:13:MX_SPI1_Init	2
../Core/Src/main.c:455:13:MX_USART3_UART_Init	2
../Core/Src/main.c:488:13:MX_USB_OTG_FS_PCD_Init	2
../Core/Src/main.c:521:13:MX_DMA_Init	1
../Core/Src/main.c:542:13:MX_GPIO_Init	1
../Core/Src/main.c:610:6:HAL_GPIO_EXTI_Callback	2
../Core/Src/main.c:623:6:Error_Handler	1
